// Jest Snapshot v1, https://goo.gl/fbAQLP

exports[`TextareaInput renders correctly 1`] = `
<label
  class="form-field textarea-input textarea-input--raised textarea-input--dense textarea-input--invalid"
  for="test"
>
  <div
    class="field-label field-label--raised field-label--dense field-label--invalid"
  >
    
    Test
  
  </div>
   
  <div
    class="field-container field-container--raised field-container--dense field-container--invalid"
  >
    <textarea
      aria-describedby="test-error"
      class="textarea-input__field"
      id="test"
    />
  </div>
   
  <div
    class="field-error field-error--raised"
    id="test-error"
    role="alert"
  >
    
    There was an error
  
  </div>
</label>
`;
