// Jest Snapshot v1, https://goo.gl/fbAQLP

exports[`SwitchInput renders correctly 1`] = `
<label
  class="toggle-input switch-input toggle-input--normal toggle-input--switch toggle-input--label-right"
  for="test"
>
  <input
    class="toggle-input__input"
    id="test"
    name="test"
    type="checkbox"
  />
   
  <div
    class="switch-indicator switch-indicator--normal switch-indicator--checked"
    variant="switch"
  />
   
  <div
    class="toggle-input__label"
  >
    <span>
      test
    </span>
  </div>
</label>
`;
