// Jest Snapshot v1, https://goo.gl/fbAQLP

exports[`DateInput renders correctly 1`] = `
<label
  class="form-field date-input date-input--raised date-input--dense date-input--invalid"
  for="test-month"
>
  <div
    class="field-label field-label--raised field-label--dense field-label--invalid"
  >
    
    Test
  
  </div>
   
  <div
    class="field-container field-container--raised field-container--dense field-container--invalid"
  >
    <input
      aria-label="Month"
      class="date-input__field--short date-input__field"
      id="test-month"
      name="month"
      pattern="[0-9]*"
      placeholder="MM"
      type="text"
    />
     
    <span
      class="date-input__divider"
    >
      /
    </span>
     
    <input
      aria-label="Day"
      class="date-input__field--short date-input__field"
      id="test-day"
      name="day"
      pattern="[0-9]*"
      placeholder="DD"
      type="text"
    />
     
    <span
      class="date-input__divider"
    >
      /
    </span>
     
    <input
      aria-label="Year"
      class="date-input__field--long date-input__field"
      id="test-year"
      name="year"
      pattern="[0-9]*"
      placeholder="YYYY"
      type="text"
    />
  </div>
   
  <div
    class="field-error field-error--raised"
    id="test-month-error"
    role="alert"
  >
    
    There was an error
  
  </div>
</label>
`;
