// Jest Snapshot v1, https://goo.gl/fbAQLP

exports[`SearchField renders correctly 1`] = `
<label
  class="search-field"
>
  <baseicon-stub
    class="search-field__icon"
    icon="search"
  />
   
  <span
    class="search-field__label"
  >
    Search
  </span>
   
  <input
    class="search-field__input"
    placeholder="Search"
    type="search"
  />
</label>
`;
