// Jest Snapshot v1, https://goo.gl/fbAQLP

exports[`UserAvatar renders correctly 1`] = `
<div
  class="user-avatar user-avatar--medium user-avatar--horizontal"
>
  <div
    class="avatar-image avatar-image--rounded"
    style="background-image: url(https://cdn.filestackcontent.com/resize=width:32,height:32/enCa5BTVeIsLHcgkdpAc); font-size: 0.875rem; height: 2rem; width: 2rem;"
  >
    <!---->
  </div>
   
  <div
    class="user-avatar__details"
  >
    <div
      class="user-avatar__name"
    >
      Xavier Oaxaca
    </div>
     
    <div
      class="user-avatar__title"
    >
      HR Manager
    </div>
  </div>
</div>
`;
