// Jest Snapshot v1, https://goo.gl/fbAQLP

exports[`ModalDialog renders correctly 1`] = `
<div
  class="modal-dialog"
>
  <div
    tabindex="0"
  />
   
  <div
    tabindex="1"
  />
   
  <div
    data-lock=""
  >
    <div
      aria-describedby="test-body"
      aria-labelledby="test-header"
      class="modal-window modal-window--regular"
      id="test"
      role="dialog"
    >
      <div
        class="modal-header modal-header--transparent"
        id="test-header"
      >
        Heading goes here
      </div>
       
      <div
        class="modal-dialog__body"
        id="test-body"
      >
        Content goes here
      </div>
       
      <div
        class="modal-actions modal-actions--justify"
      >
        <button
          class="modal-actions__action modal-actions__action--primary base-button base-button--primary base-button--medium base-button--regular base-button--inline"
          type="button"
        >
          <div
            class="base-button__inner"
          >
            Accept
          </div>
        </button>
         
        <button
          class="modal-actions__action modal-actions__action--secondary base-button base-button--secondary base-button--medium base-button--flat base-button--inline"
          type="button"
        >
          <div
            class="base-button__inner"
          >
            Skip
          </div>
        </button>
         
        <button
          class="modal-actions__action modal-actions__action--tertiary base-button base-button--tertiary base-button--medium base-button--flat base-button--inline"
          type="button"
        >
          <div
            class="base-button__inner"
          >
            <svg
              aria-hidden="true"
              class="base-icon svg-inline--fa fa-trash fa-w-14 base-button__icon base-button__icon--pre"
              data-icon="trash"
              data-prefix="fas"
              focusable="false"
              role="img"
              viewBox="0 0 448 512"
              xmlns="http://www.w3.org/2000/svg"
            >
              <path
                class=""
                d="M432 32H312l-9.4-18.7A24 24 0 0 0 281.1 0H166.8a23.72 23.72 0 0 0-21.4 13.3L136 32H16A16 16 0 0 0 0 48v32a16 16 0 0 0 16 16h416a16 16 0 0 0 16-16V48a16 16 0 0 0-16-16zM53.2 467a48 48 0 0 0 47.9 45h245.8a48 48 0 0 0 47.9-45L416 128H32z"
                fill="currentColor"
              />
            </svg>
            Delete
          </div>
        </button>
      </div>
       
      <div
        class="modal-subfooter"
      >
        Subfooter goes here
      </div>
    </div>
     
    <button
      class="modal-close modal-close--light"
      title="Close"
      type="button"
    >
      <svg
        aria-hidden="true"
        class="base-icon svg-inline--fa fa-times-circle fa-w-16"
        data-icon="times-circle"
        data-prefix="fal"
        focusable="false"
        role="img"
        viewBox="0 0 512 512"
        xmlns="http://www.w3.org/2000/svg"
      >
        <path
          class=""
          d="M256 8C119 8 8 119 8 256s111 248 248 248 248-111 248-248S393 8 256 8zm0 464c-118.7 0-216-96.1-216-216 0-118.7 96.1-216 216-216 118.7 0 216 96.1 216 216 0 118.7-96.1 216-216 216zm94.8-285.3L281.5 256l69.3 69.3c4.7 4.7 4.7 12.3 0 17l-8.5 8.5c-4.7 4.7-12.3 4.7-17 0L256 281.5l-69.3 69.3c-4.7 4.7-12.3 4.7-17 0l-8.5-8.5c-4.7-4.7-4.7-12.3 0-17l69.3-69.3-69.3-69.3c-4.7-4.7-4.7-12.3 0-17l8.5-8.5c4.7-4.7 12.3-4.7 17 0l69.3 69.3 69.3-69.3c4.7-4.7 12.3-4.7 17 0l8.5 8.5c4.6 4.7 4.6 12.3 0 17z"
          fill="currentColor"
        />
      </svg>
      <div
        aria-hidden="true"
        class="modal-close__visible-label"
      >
        Esc
      </div>
      <div
        class="modal-close__accessible-label"
      >
        Click or press escape to close
      </div>
    </button>
     
    <div
      class="modal-overlay modal-overlay--primary"
    />
  </div>
   
  <div
    tabindex="0"
  />
</div>
`;
